<html>
<body>
<pre>
<h1>µVision Build Log</h1>
<h2>Tool Versions:</h2>
IDE-Version: ¦ÌVision V5.41.0.0
Copyright (C) 2024 ARM Ltd and ARM Germany GmbH. All rights reserved.
License Information: YU yukun, HP Inc., LIC=KRMW3-AR2AS-TG47T-RZHMK-D3AT3-H8MM7
 
Tool Versions:
Toolchain:       MDK-ARM Plus  Version: 5.41.0.0
Toolchain Path:  F:\KEIL_MDK\ARM\ARMCC\Bin
C Compiler:      Armcc.exe V5.06 update 5 (build 528)
Assembler:       Armasm.exe V5.06 update 5 (build 528)
Linker/Locator:  ArmLink.exe V5.06 update 5 (build 528)
Library Manager: ArmAr.exe V5.06 update 5 (build 528)
Hex Converter:   FromElf.exe V5.06 update 5 (build 528)
CPU DLL:         SARMCM3.DLL V5.41.0.0
Dialog DLL:      DCM.DLL V1.17.5.0
Target DLL:      UL2CM3.DLL V1.164.14.0
Dialog DLL:      TCM.DLL V1.56.4.0
 
<h2>Project:</h2>
D:\HAL_Test\EMG_collection\MDK-ARM\EMG_collection.uvprojx
Project File Date:  04/05/2026

<h2>Output:</h2>
*** Using Compiler 'V5.06 update 5 (build 528)', folder: 'F:\KEIL_MDK\ARM\ARMCC\Bin'
Rebuild target 'EMG_collection'
assembling startup_stm32f103xb.s...
compiling dma.c...
compiling stm32f1xx_hal_timebase_tim.c...
compiling tim.c...
compiling stm32f1xx_hal_gpio_ex.c...
compiling gpio.c...
compiling spi.c...
compiling stm32f1xx_it.c...
compiling stm32f1xx_hal_msp.c...
compiling freertos.c...
compiling adc.c...
compiling usart.c...
compiling i2c.c...
compiling main.c...
../Hardware/W25Q64.h(9): warning:  #1295-D: Deprecated declaration ReadStatus - give arg types
  void ReadStatus();
../software/OledMenu.h(30): warning:  #1295-D: Deprecated declaration Menu_Init - give arg types
  void  Menu_Init();
../Core/Src/main.c(187): warning:  #167-D: argument of type "uint8_t *" is incompatible with parameter of type "char *"
          OLED_ShowString(0, 32, (uint8_t*)mf_str, 
LED_8X16);
../Core/Src/main.c(320): warning:  #1-D: last line of file ends without a newline
  #endif /* USE_FULL_ASSERT */
../Core/Src/main.c: 4 warnings, 0 errors
compiling stm32f1xx_hal_tim.c...
compiling stm32f1xx_hal_tim_ex.c...
compiling stm32f1xx_hal.c...
compiling stm32f1xx_hal_cortex.c...
compiling stm32f1xx_hal_gpio.c...
compiling stm32f1xx_hal_dma.c...
compiling stm32f1xx_hal_rcc_ex.c...
compiling stm32f1xx_hal_flash_ex.c...
compiling stm32f1xx_hal_pwr.c...
compiling stm32f1xx_hal_exti.c...
compiling stm32f1xx_hal_adc_ex.c...
compiling stm32f1xx_hal_flash.c...
compiling stm32f1xx_hal_rcc.c...
compiling stm32f1xx_hal_adc.c...
compiling OLED_Data.c...
compiling croutine.c...
compiling list.c...
compiling event_groups.c...
compiling queue.c...
compiling stream_buffer.c...
compiling timers.c...
compiling stm32f1xx_hal_i2c.c...
compiling tasks.c...
compiling heap_4.c...
compiling port.c...
compiling stm32f1xx_hal_spi.c...
compiling system_stm32f1xx.c...
compiling FSR_Sensor.c...
..\Hardware\FSR_Sensor.c(43): warning:  #1-D: last line of file ends without a newline
  }
..\Hardware\FSR_Sensor.c: 1 warning, 0 errors
compiling SYN6288.c...
..\Hardware\SYN6288.c(35): warning:  #1-D: last line of file ends without a newline
  }
..\Hardware\SYN6288.c: 1 warning, 0 errors
compiling EMG.c...
..\Hardware\EMG.c(8): warning:  #1-D: last line of file ends without a newline
  }
..\Hardware\EMG.c: 1 warning, 0 errors
compiling W25Q64.c...
..\Hardware\W25Q64.h(9): warning:  #1295-D: Deprecated declaration ReadStatus - give arg types
  void ReadStatus();
..\Hardware\W25Q64.c: 1 warning, 0 errors
compiling OledMenu.c...
..\software\OledMenu.h(30): warning:  #1295-D: Deprecated declaration Menu_Init - give arg types
  void  Menu_Init();
..\software\OledMenu.c(126): warning:  #1-D: last line of file ends without a newline
  }
..\software\OledMenu.c: 2 warnings, 0 errors
compiling stm32f1xx_hal_uart.c...
compiling OLED.c...
compiling cmsis_os2.c...
linking...
Program Size: Code=23240 RO-data=81600 RW-data=100 ZI-data=6564  
FromELF: creating hex file...
"EMG_collection\EMG_collection.axf" - 0 Error(s), 10 Warning(s).

<h2>Software Packages used:</h2>

Package Vendor: ARM
                https://www.keil.com/pack/ARM.CMSIS.6.1.0.pack
                ARM::CMSIS@6.1.0
                CMSIS (Common Microcontroller Software Interface Standard)
   * Component: CORE Version: 6.1.0

Package Vendor: Keil
                http://www.keil.com/pack/Keil.STM32F1xx_DFP.2.2.0.pack
                Keil::STM32F1xx_DFP@2.2.0
                STMicroelectronics STM32F1 Series Device Support, Drivers and Examples

<h2>Collection of Component include folders:</h2>
  ./RTE/_EMG_collection
  F:/KEIL_MDK/ARM/PACK/ARM/CMSIS/6.1.0/CMSIS/Core/Include
  F:/KEIL_MDK/ARM/PACK/Keil/STM32F1xx_DFP/2.2.0/Device/Include

<h2>Collection of Component Files used:</h2>

   * Component: ARM::CMSIS:CORE@6.1.0
Build Time Elapsed:  00:00:06
</pre>
</body>
</html>
